avocados      20 seconds ago
guavas        1 minute ago
